#-----------------------------------------------------------
# Vivado v2016.4 (64-bit)
# SW Build 1756540 on Mon Jan 23 19:11:23 MST 2017
# IP Build 1755317 on Mon Jan 23 20:30:07 MST 2017
# Start of session at: Wed Jun 20 20:51:41 2018
# Process ID: 15368
# Current directory: C:/Users/will131/Documents/workspace/MIPS_V3.2
# Command line: vivado.exe -gui_launcher_event rodinguilauncherevent15848 C:\Users\will131\Documents\workspace\MIPS_V3.2\MIPS_V3.2.xpr
# Log file: C:/Users/will131/Documents/workspace/MIPS_V3.2/vivado.log
# Journal file: C:/Users/will131/Documents/workspace/MIPS_V3.2\vivado.jou
#-----------------------------------------------------------
start_gui
open_project C:/Users/will131/Documents/workspace/MIPS_V3.2/MIPS_V3.2.xpr
launch_simulation
open_wave_config C:/Users/will131/Documents/workspace/MIPS_V3.2/simulation_behav.wcfg
source onboard.tcl
close_sim
set_property top simulation [get_filesets sim_1]
set_property top_lib xil_defaultlib [get_filesets sim_1]
launch_simulation
open_wave_config C:/Users/will131/Documents/workspace/MIPS_V3.2/simulation_behav.wcfg
source simulation.tcl
close_sim
launch_simulation
open_wave_config C:/Users/will131/Documents/workspace/MIPS_V3.2/simulation_behav.wcfg
source simulation.tcl
close_sim
launch_simulation
open_wave_config C:/Users/will131/Documents/workspace/MIPS_V3.2/simulation_behav.wcfg
source simulation.tcl
close_sim
remove_files  C:/Users/will131/Documents/workspace/MIPS_V3.2/source/cache/cache.sv
remove_files  C:/Users/will131/Documents/workspace/MIPS_V3.2/source/cache/memblock.sv
add_files -norecurse {C:/Users/will131/Documents/workspace/MIPS_V3.2/source/cache/icache.sv C:/Users/will131/Documents/workspace/MIPS_V3.2/source/cache/mem.sv}
launch_simulation
launch_simulation
launch_simulation
launch_simulation
open_wave_config C:/Users/will131/Documents/workspace/MIPS_V3.2/simulation_behav.wcfg
source simulation.tcl
close_sim
launch_simulation
remove_files  C:/Users/will131/Documents/workspace/MIPS_V3.2/source/cache/icache.sv
remove_files  C:/Users/will131/Documents/workspace/MIPS_V3.2/source/mem.sv
launch_simulation
launch_simulation
launch_simulation
launch_simulation
launch_simulation
open_wave_config C:/Users/will131/Documents/workspace/MIPS_V3.2/simulation_behav.wcfg
source simulation.tcl
add_wave {{/simulation/top/mips/datapath/regF2D/en}} 
restart
run 15000 ns
add_wave {{/simulation/top/mips/datapath/abort}} 
add_wave {{/simulation/top/mips/datapath/StallF}} 
add_wave {{/simulation/top/mips/datapath/StallSF}} 
restart
run 15000 ns
save_wave_config {C:/Users/will131/Documents/workspace/MIPS_V3.2/simulation_behav.wcfg}
close_sim
launch_simulation
open_wave_config C:/Users/will131/Documents/workspace/MIPS_V3.2/simulation_behav.wcfg
source simulation.tcl
close_sim
launch_simulation
open_wave_config C:/Users/will131/Documents/workspace/MIPS_V3.2/simulation_behav.wcfg
source simulation.tcl
close_sim
launch_simulation
launch_simulation
open_wave_config C:/Users/will131/Documents/workspace/MIPS_V3.2/simulation_behav.wcfg
source simulation.tcl
add_wave {{/simulation/top/mem/abort}} 
add_wave {{/simulation/top/mem/instrcnt}} 
add_wave {{/simulation/top/mem/instrreq}} 
save_wave_config {C:/Users/will131/Documents/workspace/MIPS_V3.2/simulation_behav.wcfg}
close_sim
launch_simulation
open_wave_config C:/Users/will131/Documents/workspace/MIPS_V3.2/simulation_behav.wcfg
source simulation.tcl
close_sim
launch_simulation
open_wave_config C:/Users/will131/Documents/workspace/MIPS_V3.2/simulation_behav.wcfg
source simulation.tcl
close_sim
launch_simulation
open_wave_config C:/Users/will131/Documents/workspace/MIPS_V3.2/simulation_behav.wcfg
source simulation.tcl
close_sim
launch_simulation
open_wave_config C:/Users/will131/Documents/workspace/MIPS_V3.2/simulation_behav.wcfg
source simulation.tcl
close_sim
launch_simulation
open_wave_config C:/Users/will131/Documents/workspace/MIPS_V3.2/simulation_behav.wcfg
source simulation.tcl
reset_run synth_1
launch_runs impl_1 -to_step write_bitstream -jobs 4
wait_on_run impl_1
reset_run synth_1
launch_runs impl_1 -to_step write_bitstream -jobs 4
wait_on_run impl_1
save_wave_config {C:/Users/will131/Documents/workspace/MIPS_V3.2/simulation_behav.wcfg}
reset_run synth_1
launch_runs impl_1 -to_step write_bitstream -jobs 4
wait_on_run impl_1
open_hw
connect_hw_server
open_hw_target
set_property PROGRAM.FILE {C:/Users/will131/Documents/workspace/MIPS_V3.2/bit/nocache.bit} [lindex [get_hw_devices xc7a100t_0] 0]
current_hw_device [lindex [get_hw_devices xc7a100t_0] 0]
refresh_hw_device -update_hw_probes false [lindex [get_hw_devices xc7a100t_0] 0]
set_property PROBES.FILE {} [lindex [get_hw_devices xc7a100t_0] 0]
set_property PROGRAM.FILE {C:/Users/will131/Documents/workspace/MIPS_V3.2/bit/nocache.bit} [lindex [get_hw_devices xc7a100t_0] 0]
program_hw_devices [lindex [get_hw_devices xc7a100t_0] 0]
refresh_hw_device [lindex [get_hw_devices xc7a100t_0] 0]
reset_run synth_1
launch_runs impl_1 -to_step write_bitstream -jobs 4
wait_on_run impl_1
set_property PROBES.FILE {} [lindex [get_hw_devices xc7a100t_0] 0]
set_property PROGRAM.FILE {C:/Users/will131/Documents/workspace/MIPS_V3.2/bit/nocache.bit} [lindex [get_hw_devices xc7a100t_0] 0]
program_hw_devices [lindex [get_hw_devices xc7a100t_0] 0]
refresh_hw_device [lindex [get_hw_devices xc7a100t_0] 0]
reset_run synth_1
launch_runs synth_1 -jobs 4
wait_on_run synth_1
launch_runs impl_1 -to_step write_bitstream -jobs 4
wait_on_run impl_1
set_property PROBES.FILE {} [lindex [get_hw_devices xc7a100t_0] 0]
set_property PROGRAM.FILE {C:/Users/will131/Documents/workspace/MIPS_V3.2/bit/nocache.bit} [lindex [get_hw_devices xc7a100t_0] 0]
program_hw_devices [lindex [get_hw_devices xc7a100t_0] 0]
refresh_hw_device [lindex [get_hw_devices xc7a100t_0] 0]
close_hw
close_sim
reset_run synth_1
launch_runs impl_1 -to_step write_bitstream -jobs 4
wait_on_run impl_1
open_hw
connect_hw_server
open_hw_target
set_property PROGRAM.FILE {C:/Users/will131/Documents/workspace/MIPS_V3.2/bit/nocache.bit} [lindex [get_hw_devices xc7a100t_0] 0]
current_hw_device [lindex [get_hw_devices xc7a100t_0] 0]
refresh_hw_device -update_hw_probes false [lindex [get_hw_devices xc7a100t_0] 0]
set_property PROBES.FILE {} [lindex [get_hw_devices xc7a100t_0] 0]
set_property PROGRAM.FILE {C:/Users/will131/Documents/workspace/MIPS_V3.2/bit/nocache.bit} [lindex [get_hw_devices xc7a100t_0] 0]
program_hw_devices [lindex [get_hw_devices xc7a100t_0] 0]
refresh_hw_device [lindex [get_hw_devices xc7a100t_0] 0]
close_hw
open_hw
connect_hw_server
open_hw_target
set_property PROGRAM.FILE {C:/Users/will131/Documents/workspace/MIPS_V3.2/bit/nocache.bit} [lindex [get_hw_devices xc7a100t_0] 0]
current_hw_device [lindex [get_hw_devices xc7a100t_0] 0]
refresh_hw_device -update_hw_probes false [lindex [get_hw_devices xc7a100t_0] 0]
set_property PROBES.FILE {} [lindex [get_hw_devices xc7a100t_0] 0]
set_property PROGRAM.FILE {C:/Users/will131/Documents/workspace/MIPS_V3.2/MIPS_V3.2.runs/impl_1/onboard.bit} [lindex [get_hw_devices xc7a100t_0] 0]
program_hw_devices [lindex [get_hw_devices xc7a100t_0] 0]
refresh_hw_device [lindex [get_hw_devices xc7a100t_0] 0]
reset_run synth_1
launch_runs impl_1 -to_step write_bitstream -jobs 4
wait_on_run impl_1
set_property PROBES.FILE {} [lindex [get_hw_devices xc7a100t_0] 0]
set_property PROGRAM.FILE {C:/Users/will131/Documents/workspace/MIPS_V3.2/MIPS_V3.2.runs/impl_1/onboard.bit} [lindex [get_hw_devices xc7a100t_0] 0]
program_hw_devices [lindex [get_hw_devices xc7a100t_0] 0]
refresh_hw_device [lindex [get_hw_devices xc7a100t_0] 0]
reset_run synth_1
launch_runs impl_1 -to_step write_bitstream -jobs 4
wait_on_run impl_1
reset_run synth_1
launch_runs impl_1 -to_step write_bitstream -jobs 4
wait_on_run impl_1
reset_run synth_1
launch_runs impl_1 -to_step write_bitstream -jobs 4
wait_on_run impl_1
set_property PROBES.FILE {} [lindex [get_hw_devices xc7a100t_0] 0]
set_property PROGRAM.FILE {C:/Users/will131/Documents/workspace/MIPS_V3.2/MIPS_V3.2.runs/impl_1/onboard.bit} [lindex [get_hw_devices xc7a100t_0] 0]
program_hw_devices [lindex [get_hw_devices xc7a100t_0] 0]
refresh_hw_device [lindex [get_hw_devices xc7a100t_0] 0]
launch_simulation
launch_simulation
open_wave_config C:/Users/will131/Documents/workspace/MIPS_V3.2/simulation_behav.wcfg
source simulation.tcl
run 15000 ns
close_sim
launch_simulation
open_wave_config C:/Users/will131/Documents/workspace/MIPS_V3.2/simulation_behav.wcfg
source simulation.tcl
close_sim
launch_simulation
open_wave_config C:/Users/will131/Documents/workspace/MIPS_V3.2/simulation_behav.wcfg
source simulation.tcl
add_wave {{/simulation/top/mips/memwriteM}} 
restart
run 15000 ns
save_wave_config {C:/Users/will131/Documents/workspace/MIPS_V3.2/simulation_behav.wcfg}
close_sim
launch_simulation
open_wave_config C:/Users/will131/Documents/workspace/MIPS_V3.2/simulation_behav.wcfg
source simulation.tcl
close_sim
launch_simulation
open_wave_config C:/Users/will131/Documents/workspace/MIPS_V3.2/simulation_behav.wcfg
source simulation.tcl
close_sim
launch_simulation
open_wave_config C:/Users/will131/Documents/workspace/MIPS_V3.2/simulation_behav.wcfg
source simulation.tcl
close_sim
launch_simulation
open_wave_config C:/Users/will131/Documents/workspace/MIPS_V3.2/simulation_behav.wcfg
source simulation.tcl
reset_run synth_1
launch_runs impl_1 -to_step write_bitstream -jobs 4
wait_on_run impl_1
reset_run synth_1
launch_runs synth_1 -jobs 4
wait_on_run synth_1
close_sim
launch_simulation
open_wave_config C:/Users/will131/Documents/workspace/MIPS_V3.2/simulation_behav.wcfg
source simulation.tcl
add_wave {{/simulation/top/mem/instr}} 
restart
run 15000 ns
add_wave {{/simulation/instradr}} 
restart
run 15000 ns
add_wave {{/simulation/top/mem/instradr}} 
restart
run 15000 ns
add_wave {{/simulation/instradr}} 
add_wave {{/simulation/top/mips/datapath/pcF}} 
restart
run 15000 ns
add_wave {{/simulation/top/mips/datapath/instrstate}} 
restart
run 15000 ns
save_wave_config {C:/Users/will131/Documents/workspace/MIPS_V3.2/simulation_behav.wcfg}
close_sim
launch_simulation
open_wave_config C:/Users/will131/Documents/workspace/MIPS_V3.2/simulation_behav.wcfg
source simulation.tcl
reset_run synth_1
launch_runs impl_1 -to_step write_bitstream -jobs 4
wait_on_run impl_1
set_property PROBES.FILE {} [lindex [get_hw_devices xc7a100t_0] 0]
set_property PROGRAM.FILE {C:/Users/will131/Documents/workspace/MIPS_V3.2/MIPS_V3.2.runs/impl_1/onboard.bit} [lindex [get_hw_devices xc7a100t_0] 0]
program_hw_devices [lindex [get_hw_devices xc7a100t_0] 0]
refresh_hw_device [lindex [get_hw_devices xc7a100t_0] 0]
close_hw
close_sim
launch_simulation
add_files -norecurse C:/Users/will131/Documents/workspace/MIPS_V3.2/source/cache/icache.sv
launch_simulation
open_wave_config C:/Users/will131/Documents/workspace/MIPS_V3.2/simulation_behav.wcfg
source simulation.tcl
add_wave {{/simulation/top/icache/wr_cache_data}} 
close_sim
launch_simulation
open_wave_config C:/Users/will131/Documents/workspace/MIPS_V3.2/simulation_behav.wcfg
source simulation.tcl
add_wave {{/simulation/top/icache/dram_data_shift}} 
add_wave {{/simulation/top/icache/wr_cache_data}} 
restart
run 15000 ns
save_wave_config {C:/Users/will131/Documents/workspace/MIPS_V3.2/simulation_behav.wcfg}
close_sim
launch_simulation
open_wave_config C:/Users/will131/Documents/workspace/MIPS_V3.2/simulation_behav.wcfg
source simulation.tcl
save_wave_config {C:/Users/will131/Documents/workspace/MIPS_V3.2/simulation_behav.wcfg}
close_sim
launch_simulation
launch_simulation
open_wave_config C:/Users/will131/Documents/workspace/MIPS_V3.2/simulation_behav.wcfg
source simulation.tcl
close_sim
launch_simulation
open_wave_config C:/Users/will131/Documents/workspace/MIPS_V3.2/simulation_behav.wcfg
source simulation.tcl
add_wave {{/simulation/top/icache/abort}} 
restart
run 15000 ns
save_wave_config {C:/Users/will131/Documents/workspace/MIPS_V3.2/simulation_behav.wcfg}
close_sim
launch_simulation
launch_simulation
open_wave_config C:/Users/will131/Documents/workspace/MIPS_V3.2/simulation_behav.wcfg
source simulation.tcl
add_wave {{/simulation/top/icache/counter}} 
run 15000 ns
run 15000 ns
restart
run 15000 ns
save_wave_config {C:/Users/will131/Documents/workspace/MIPS_V3.2/simulation_behav.wcfg}
close_sim
launch_simulation
open_wave_config C:/Users/will131/Documents/workspace/MIPS_V3.2/simulation_behav.wcfg
source simulation.tcl
add_wave {{/simulation/top/icache/dram_req_addr}} 
add_wave {{/simulation/top/icache/dram_data}} 
restart
run 15000 ns
save_wave_config {C:/Users/will131/Documents/workspace/MIPS_V3.2/simulation_behav.wcfg}
close_sim
launch_simulation
open_wave_config C:/Users/will131/Documents/workspace/MIPS_V3.2/simulation_behav.wcfg
source simulation.tcl
run 15000 ns
add_wave {{/simulation/top/icache/abort}} 
save_wave_config {C:/Users/will131/Documents/workspace/MIPS_V3.2/simulation_behav.wcfg}
close_sim
launch_simulation
add_files -norecurse C:/Users/will131/Documents/workspace/MIPS_V3.2/source/cache/dcache.sv
launch_simulation
open_wave_config C:/Users/will131/Documents/workspace/MIPS_V3.2/simulation_behav.wcfg
source simulation.tcl
save_wave_config {C:/Users/will131/Documents/workspace/MIPS_V3.2/simulation_behav.wcfg}
add_wave {{/simulation/top/dcache/ram_abort}} 
restart
run 15000 ns
add_wave {{/simulation/top/dcache/cpu_addr}} 
add_wave {{/simulation/top/dcache/cpu_rd_data}} 
restart
run 15000 ns
run 15000 ns
add_wave {{/simulation/top/dcache/hit}} 
restart
run 15000 ns
launch_simulation -mode post-synthesis -type functional
save_wave_config {C:/Users/will131/Documents/workspace/MIPS_V3.2/simulation_behav.wcfg}
close_sim
launch_simulation
open_wave_config C:/Users/will131/Documents/workspace/MIPS_V3.2/simulation_behav.wcfg
source simulation.tcl
run 15000 ns
add_wave {{/simulation/top/icache/cpu_addr_dly}} 
save_wave_config {C:/Users/will131/Documents/workspace/MIPS_V3.2/simulation_behav.wcfg}
restart
run 15000 ns
close_sim
launch_simulation
launch_simulation
open_wave_config C:/Users/will131/Documents/workspace/MIPS_V3.2/simulation_behav.wcfg
source simulation.tcl
add_wave {{/simulation/top/icache/dram_data_shift}} 
restart
run 15000 ns
add_wave {{/simulation/top/mem/instrcnt}} 
save_wave_config {C:/Users/will131/Documents/workspace/MIPS_V3.2/simulation_behav.wcfg}
close_sim
launch_simulation
open_wave_config C:/Users/will131/Documents/workspace/MIPS_V3.2/simulation_behav.wcfg
source simulation.tcl
add_wave {{/simulation/top/mem/instr}} 
restart
run 15000 ns
save_wave_config {C:/Users/will131/Documents/workspace/MIPS_V3.2/simulation_behav.wcfg}
close_sim
launch_simulation
open_wave_config C:/Users/will131/Documents/workspace/MIPS_V3.2/simulation_behav.wcfg
source simulation.tcl
run all
run 15000 ns
close_sim
launch_simulation
open_wave_config C:/Users/will131/Documents/workspace/MIPS_V3.2/simulation_behav.wcfg
source simulation.tcl
reset_run synth_1
launch_runs impl_1 -to_step write_bitstream -jobs 4
wait_on_run impl_1
close_sim
launch_simulation
open_wave_config C:/Users/will131/Documents/workspace/MIPS_V3.2/simulation_behav.wcfg
source simulation.tcl
close_sim
launch_simulation
open_wave_config C:/Users/will131/Documents/workspace/MIPS_V3.2/simulation_behav.wcfg
source simulation.tcl
run 15000 ns
add_wave {{/simulation/top/mem/dataadr}} 
add_wave {{/simulation/top/mem/readdata}} 
restart
run 15000 ns
add_wave {{/simulation/top/mips/datapath/srcaE}} {{/simulation/top/mips/datapath/srcbE}} 
restart
run 15000 ns
run 15000 ns
run 15000 ns
run 15000 ns
add_wave {{/simulation/top/mips/datapath/srca1D}} {{/simulation/top/mips/datapath/srcb1D}} {{/simulation/top/mips/datapath/srca1E}} {{/simulation/top/mips/datapath/srcb1E}} 
restart
run 15000 ns
restart
run 15000 ns
add_wave {{/simulation/top/mips/datapath/instrD}} 
restart
run 15000 ns
add_wave {{/simulation/top/mips/datapath/signimmD}} {{/simulation/top/mips/datapath/zeroimmD}} {{/simulation/top/mips/datapath/signimmE}} {{/simulation/top/mips/datapath/zeroimmE}} 
restart
run 15000 ns
restart
run all
restart
run 3000 ns
add_wave {{/simulation/top/icache/I_SRAM_data}} 
restart
run 3000 ns
add_wave {{/simulation/top/mips/instr}} 
restart
run 3000 ns
add_wave {{/simulation/top/icache/instr}} 
restart
run 3000 ns
add_wave {{/simulation/top/icache/cpu_addr_dly}} 
add_wave {{/simulation/top/icache/hit}} 
restart
run 3000 ns
add_wave {{/simulation/top/icache/cpu_addr}} 
restart
run 3000 ns
save_wave_config {C:/Users/will131/Documents/workspace/MIPS_V3.2/simulation_behav.wcfg}
close_sim
launch_simulation
open_wave_config C:/Users/will131/Documents/workspace/MIPS_V3.2/simulation_behav.wcfg
source simulation.tcl
close_sim
launch_simulation
open_wave_config C:/Users/will131/Documents/workspace/MIPS_V3.2/simulation_behav.wcfg
source simulation.tcl
close_sim
launch_simulation
open_wave_config C:/Users/will131/Documents/workspace/MIPS_V3.2/simulation_behav.wcfg
source simulation.tcl
add_wave {{/simulation/top/mips/datapath/abort}} 
restart
run 2000 ns
add_wave {{/simulation/top/mips/datapath/instrreq}} 
restart
run 2000 ns
save_wave_config {C:/Users/will131/Documents/workspace/MIPS_V3.2/simulation_behav.wcfg}
close_sim
launch_simulation
launch_simulation
launch_simulation
open_wave_config C:/Users/will131/Documents/workspace/MIPS_V3.2/simulation_behav.wcfg
source simulation.tcl
add_wave {{/simulation/top/mips/datapath/WaitInstr}} 
restart
run 2000 ns
save_wave_config {C:/Users/will131/Documents/workspace/MIPS_V3.2/simulation_behav.wcfg}
close_sim
launch_simulation
open_wave_config C:/Users/will131/Documents/workspace/MIPS_V3.2/simulation_behav.wcfg
source simulation.tcl
close_sim
launch_simulation
open_wave_config C:/Users/will131/Documents/workspace/MIPS_V3.2/simulation_behav.wcfg
source simulation.tcl
close_sim
launch_simulation
open_wave_config C:/Users/will131/Documents/workspace/MIPS_V3.2/simulation_behav.wcfg
source simulation.tcl
close_sim
launch_simulation
open_wave_config C:/Users/will131/Documents/workspace/MIPS_V3.2/simulation_behav.wcfg
source simulation.tcl
add_wave {{/simulation/top/mips/datapath/instrcnt}} 
restart
run 2000 ns
save_wave_config {C:/Users/will131/Documents/workspace/MIPS_V3.2/simulation_behav.wcfg}
close_sim
launch_simulation
open_wave_config C:/Users/will131/Documents/workspace/MIPS_V3.2/simulation_behav.wcfg
source simulation.tcl
run 2000 ns
add_wave {{/simulation/top/icache/hit}} 
add_wave {{/simulation/top/icache/ins_req_dly}} 
restart
run 2000 ns
save_wave_config {C:/Users/will131/Documents/workspace/MIPS_V3.2/simulation_behav.wcfg}
close_sim
launch_simulation
open_wave_config C:/Users/will131/Documents/workspace/MIPS_V3.2/simulation_behav.wcfg
source simulation.tcl
close_sim
launch_simulation
open_wave_config C:/Users/will131/Documents/workspace/MIPS_V3.2/simulation_behav.wcfg
source simulation.tcl
run 2000 ns
close_sim
launch_simulation
open_wave_config C:/Users/will131/Documents/workspace/MIPS_V3.2/simulation_behav.wcfg
source simulation.tcl
run 2000 ns
close_sim
launch_simulation
open_wave_config C:/Users/will131/Documents/workspace/MIPS_V3.2/simulation_behav.wcfg
source simulation.tcl
run all
close_sim
launch_simulation
open_wave_config C:/Users/will131/Documents/workspace/MIPS_V3.2/simulation_behav.wcfg
source simulation.tcl
run 2000 ns
reset_run synth_1
launch_runs impl_1 -to_step write_bitstream -jobs 4
wait_on_run impl_1
close_sim
open_hw
connect_hw_server
open_hw_target
set_property PROGRAM.FILE {C:/Users/will131/Documents/workspace/MIPS_V3.2/MIPS_V3.2.runs/impl_1/onboard.bit} [lindex [get_hw_devices xc7a100t_0] 0]
current_hw_device [lindex [get_hw_devices xc7a100t_0] 0]
refresh_hw_device -update_hw_probes false [lindex [get_hw_devices xc7a100t_0] 0]
set_property PROBES.FILE {} [lindex [get_hw_devices xc7a100t_0] 0]
set_property PROGRAM.FILE {C:/Users/will131/Documents/workspace/MIPS_V3.2/MIPS_V3.2.runs/impl_1/onboard.bit} [lindex [get_hw_devices xc7a100t_0] 0]
program_hw_devices [lindex [get_hw_devices xc7a100t_0] 0]
refresh_hw_device [lindex [get_hw_devices xc7a100t_0] 0]
close_hw
add_files -norecurse {C:/Users/will131/Documents/workspace/MIPS_V3.2/source/mem.sv C:/Users/will131/Documents/workspace/MIPS_V3.2/source/topno.sv}
launch_simulation
open_wave_config C:/Users/will131/Documents/workspace/MIPS_V3.2/simulation_behav.wcfg
source simulation.tcl
add_wave {{/simulation/top/memno/instrcnt}} 
restart
run 2000 ns
save_wave_config {C:/Users/will131/Documents/workspace/MIPS_V3.2/simulation_behav.wcfg}
close_sim
reset_property NAME [get_files C:/Users/will131/Documents/workspace/MIPS_V3.2/source/topno.sv]
remove_files  C:/Users/will131/Documents/workspace/MIPS_V3.2/source/mem.sv
remove_files  C:/Users/will131/Documents/workspace/MIPS_V3.2/source/topno.sv
add_files -norecurse {C:/Users/will131/Documents/workspace/MIPS_V3.2/source/cache/memno.sv C:/Users/will131/Documents/workspace/MIPS_V3.2/source/cache/topno.sv}
launch_simulation
open_wave_config C:/Users/will131/Documents/workspace/MIPS_V3.2/simulation_behav.wcfg
source simulation.tcl
add_wave {{/simulation/top/memno/instrcnt}} 
restart
run 2000 ns
save_wave_config {C:/Users/will131/Documents/workspace/MIPS_V3.2/simulation_behav.wcfg}
close_sim
launch_simulation
launch_simulation
launch_simulation
launch_simulation
open_wave_config C:/Users/will131/Documents/workspace/MIPS_V3.2/simulation_behav.wcfg
source simulation.tcl
close_sim
launch_simulation
open_wave_config C:/Users/will131/Documents/workspace/MIPS_V3.2/simulation_behav.wcfg
source simulation.tcl
add_wave {{/simulation/top/mips/datapath/instrcnt}} 
restart
run 2000 ns
save_wave_config {C:/Users/will131/Documents/workspace/MIPS_V3.2/simulation_behav.wcfg}
close_sim
launch_simulation
open_wave_config C:/Users/will131/Documents/workspace/MIPS_V3.2/simulation_behav.wcfg
source simulation.tcl
close_sim
launch_simulation
open_wave_config C:/Users/will131/Documents/workspace/MIPS_V3.2/simulation_behav.wcfg
source simulation.tcl
close_sim
launch_simulation
launch_simulation
open_wave_config C:/Users/will131/Documents/workspace/MIPS_V3.2/simulation_behav.wcfg
source simulation.tcl
close_sim
launch_simulation
launch_simulation
open_wave_config C:/Users/will131/Documents/workspace/MIPS_V3.2/simulation_behav.wcfg
source simulation.tcl
run 2000 ns
close_sim
launch_simulation
open_wave_config C:/Users/will131/Documents/workspace/MIPS_V3.2/simulation_behav.wcfg
source simulation.tcl
run all
close_sim
launch_simulation
open_wave_config C:/Users/will131/Documents/workspace/MIPS_V3.2/simulation_behav.wcfg
source simulation.tcl
run 2000 ns
close_sim
launch_simulation
open_wave_config C:/Users/will131/Documents/workspace/MIPS_V3.2/simulation_behav.wcfg
source simulation.tcl
run 2000 ns
close_sim
launch_simulation
open_wave_config C:/Users/will131/Documents/workspace/MIPS_V3.2/simulation_behav.wcfg
source simulation.tcl
close_sim
launch_simulation
open_wave_config C:/Users/will131/Documents/workspace/MIPS_V3.2/simulation_behav.wcfg
source simulation.tcl
close_sim
launch_simulation
launch_simulation
launch_simulation
open_wave_config C:/Users/will131/Documents/workspace/MIPS_V3.2/simulation_behav.wcfg
source simulation.tcl
run 2000 ns
